// Jest Snapshot v1, https://goo.gl/fbAQLP

exports[`chai-v5 should work 1`] = `"chai v5"`;
